received_at_utc: 2026-04-19T02:15:47.303009Z
source: iPSX2
client_timestamp: 2026-04-19T02:15:45Z
client_log_path: /var/mobile/Containers/Data/Application/14B16386-28AB-4A72-8655-DDE3D67AB0CF/Documents/Data/Application/71BAC4CF-F5B6-42EE-BB22-F2EB12C160E4/Documents/pcsx2_log.txt
[iPSX2 Debug Snapshot]
EE=JIT IOP=JIT VU0=JIT VU1=JIT
Log: /var/mobile/Containers/Data/Application/14B16386-28AB-4A72-8655-DDE3D67AB0CF/Documents/Data/Application/71BAC4CF-F5B6-42EE-BB22-F2EB12C160E4/Documents/pcsx2_log.txt
---
@@GAMEDB_OTA@@ sending conditional GET (ETag: W/"f6395b0b9e90797096dd0240107bde4dc927e61966d4614e7dc99a05b8762613")
@@GAMEDB_OTA@@ 304 Not Modified — GameIndex.yaml is up to date
[0m[    3.9463] @@ISO_BOOT@@ path=/var/mobile/Containers/Data/Application/14B16386-28AB-4A72-8655-DDE3D67AB0CF/Documents/Data/Application/71BAC4CF-F5B6-42EE-BB22-F2EB12C160E4/Documents/iso/Ratchet & Clank - Going Commando (USA) (v1.01).iso fast_boot=0 (INI: Ratchet & Clank - Going Commando (USA) (v1.01).iso)
[34m[1m[    3.9553] isoFile open ok: /var/mobile/Containers/Data/Application/14B16386-28AB-4A72-8655-DDE3D67AB0CF/Documents/Data/Application/71BAC4CF-F5B6-42EE-BB22-F2EB12C160E4/Documents/iso/Ratchet & Clank - Going Commando (USA) (v1.01).iso
[0m[    3.9606] GameDB: Has not been initialized yet, initializing...
[0m[    3.9608] GameDB: Loading user-override GameIndex.yaml from DataRoot: /var/mobile/Containers/Data/Application/14B16386-28AB-4A72-8655-DDE3D67AB0CF/Documents/Data/Application/71BAC4CF-F5B6-42EE-BB22-F2EB12C160E4/Documents/GameIndex.yaml
[0m[    3.9892] GameDB: 12838 games on record (loaded in 28.65ms)
[32m[1m[    3.9892] Disc changed to Ratchet & Clank - Going Commando (USA) (v1.01).iso.
[32m[1m[    3.9892]   Name: Ratchet & Clank 2 - Going Commando
[32m[1m[    3.9893]   Serial: SCUS-97268
[0m[    3.9924] @@EE_SEL_PATH@@ path="REC" chosen=recCpu
[0m[    3.9924] @@IOP_SEL_PATH@@ path="CFG" chosen=psxRec (EnableIOP=1)
[0m[    9.4113] Add 0 seconds play time to SCUS-97268 -> now 0
