received_at_utc: 2026-04-19T17:24:38.007715Z
source: iPSX2-iOS
client_timestamp: 2026-04-19T17:24:34Z
client_log_path: 
type: snapshot
---
[iPSX2 Debug Snapshot]
Date: 2026-04-19 17:24:34 +0000
Device: iPhone (iOS 26.2.1)
Model: iPhone
Build: iPSX2 v0.1.3
VM Running: NO
Core: EE=JIT IOP=JIT
---
[] : [0m[  289.4508]   [0010000c]=3c030016
[] : [0m[  289.4508]   [00100010]=24428a80
[] : [0m[  289.4508]   [00100014]=24638c64
[] : [0m[  289.4508]   [00100018]=00000000
[] : [0m[  289.4508]   [0010001c]=00000000
[] : [0m[  289.4508]   [00100020]=7c400000
[] : [0m[  289.4508]   [00100024]=0043082b
[] : [0m[  289.4508]   [00100028]=00000000
[] : [0m[  289.4508]   [0010002c]=1420fffa
[] : [0m[  289.4508]   [00100180]=24030004
[] : [0m[  289.4508]   [00100184]=0000000c
[] : [0m[  289.4508]   [00100188]=03e00008
[] : [0m[  289.4508]   [0010018c]=00000000
[] : [0m[  289.4508]   [00100190]=24030005
[] : [0m[  289.4508]   [00100194]=0000000c
[] : [0m[  289.4508]   [00100198]=03e00008
[] : [0m[  289.4508]   [0010019c]=00000000
[] : [0m[  289.4508]   [001001a0]=24030006
[] : [0m[  289.4508]   [001001a4]=0000000c
[] : [0m[  289.4508]   [001001a8]=03e00008
[] : [0m[  289.4508]   [001001ac]=00000000
[] : [0m[  289.4508]   [001001b0]=24030007
[] : [0m[  289.4508]   [001001b4]=0000000c
[] : [0m[  289.4508]   [001001b8]=03e00008
[] : [0m[  289.4508]   [001001bc]=00000000
[] : [0m[  289.4509]   [00100480]=24030032
[] : [0m[  289.4509]   [00100484]=0000000c
[] : [0m[  289.4509]   [00100488]=03e00008
[] : [0m[  289.4509]   [0010048c]=00000000
[] : [0m[  289.4509]   [00100490]=24030033
[] : [0m[  289.4509]   [00100494]=0000000c
[] : [0m[  289.4509]   [00100498]=03e00008
[] : [0m[  289.4509]   [0010049c]=00000000
[] : [0m[  289.4509]   [001004a0]=2403ffcc
[] : [31m[1m[  289.4911] cpuTlbMiss pc:8000c468, cycl:2ef240d, addr: 26570133, status=70030c00, code=8 [1/50]
[] : [31m[1m[  289.4911] cpuTlbMiss pc:800146b8, cycl:2ef241a, addr: 26570133, status=70030c02, code=8 [2/50]
[] : [0m[  289.9741]   [26df50] 00000000 00000000 00000000 00000000
[] : [0m[  289.9741]   [26df60] 00000000 00000000 00000000 00000000
[] : [0m[  289.9741]   [26df70] 00000000 00000000 00000000 00000000
[] : [0m[  289.9741]   [26df80] 00000000 00000000 00000000 00000000
[] : [0m[  289.9741]   [26df90] 00000000 00000000 00000000 00000000
[] : [0m[  289.9741]   [26dfa0] 00000000 00000000 00000000 00000000
[] : [0m[  290.6567]   [035224] 00000000 00000000 00000000 00000000
[] : [0m[  290.6567]   [035234] 00000000 00000000 00000000 00000000
[] : [0m[  290.6567]   [035244] 00000000 00000000 00000000 00000000
[] : [0m[  290.6567]   [035254] 00000000 00000000 00000000 00000000
[] : [0m[  290.6567]   [035264] 00000000 00000000 00000000 00000000
[] : [0m[  290.6567]   [035274] 00000000 00000000 00000000 00000000
[] : [0m[  290.6567]   [035284] 00000000 00000000 00000000 00000000
[] : [0m[  290.6567]   [035294] 00000000 00000000 00000000 00000000
[] : [0m[  290.6567]   [0352a4] 00000000 00000000 00000000 00000000
[] : [0m[  290.6567]   [0352b4] 00000000 00000000 00000000 00000000
[] : [0m[  290.6567]   [0352c4] 00000000 00000000 00000000 00000000
[] : [0m[  290.6568]   [0352d4] 00000000 00000000 00000000 00000000
[] : [0m[  290.6568]   [34b94] 00000000 00000000 00000000 00000000
[] : [0m[  290.6568]   [34ba4] 00000000 00000000 00000000 00000000
[] : [0m[  290.6568]   [34bb4] 00000000 00000000 00000000 00000000
[] : [0m[  290.6568]   [34bc4] 00000000 00000000 00000000 00000000
[] : [0m[  290.6568]   [34bd4] 00000000 00000000 00000000 00000000
[] : [0m[  290.6568]   [34be4] 00000000 00000000 00000000 00000000
[] : [0m[  290.6568]   [34bf4] 00000000 00000000 00000000 00000000
[] : [0m[  290.6568]   [34c04] 00000000 00000000 00000000 00000000
[] : [0m[  290.6568]   [34c14] 00000000 00000000 00000000 00000000
[] : [0m[  290.6568]   [34c24] 00000000 00000000 00000000 00000000
[] : [0m[  290.6568]   [34c34] 00000000 00000000 00000000 00000000
[] : [0m[  290.6568]   [34c44] 00000000 00000000 00000000 00000000
[] : [0m[  290.6568]   [34c54] 00000000 00000000 00000000 00000000
[] : [0m[  290.6568]   [34c64] 00000000 00000000 00000000 00000000
[] : [0m[  290.6569]   [34c74] 00000000 00000000 00000000 00000000
[] : [0m[  290.6569]   [34c84] 00000000 00000000 00000000 00000000
[] : [0m[  291.0020]   00200d00: 00000000 00000000 00000000 00000000
[] : [0m[  291.0020]   00200d10: 00000000 00000000 00000000 00000000
[] : [0m[  291.0020]   00200d20: 00000000 00000000 00000000 00000000
[] : [0m[  291.0020]   00200d30: 00000000 00000000 00000000 00000000
[] : [0m[  291.0020]   00200d40: 00000000 00000000 00000000 00000000
[] : [0m[  291.0020]   00200d50: 00000000 00000000 00000000 00000000
[] : [0m[  291.0020]   00200d60: 00000000 00000000 00000000 00000000
[] : [0m[  291.0020]   00200d70: 00000000 00000000 00000000 00000000
[] : [0m[  291.0021]   00200d80: 00000000 00000000 00000000 00000000
[] : [0m[  291.0021]   00200d90: 00000000 00000000 00000000 00000000
[] : [0m[  291.0021]   00200da0: 00000000 00000000 00000000 00000000
[] : [0m[  291.0021]   00200db0: 00000000 00000000 00000000 00000000
[] : [0m[  291.0021]   00200dc0: 00000000 00000000 00000000 00000000
[] : [0m[  291.0021]   00200dd0: 00000000 00000000 00000000 00000000
[] : [0m[  291.0021]   00200de0: 00000000 00000000 00000000 00000000
[] : [0m[  291.0021]   00200df0: 00000000 00000000 00000000 00000000
[] : [0m[  291.0021]   00200e00: 00000000 00000000 00000000 00000000
[] : [0m[  291.0021]   00200e10: 00000000 00000000 00000000 00000000
[] : [0m[  291.0021]   00200e20: 00000000 00000000 00000000 00000000
[] : [0m[  291.0021]   00200e30: 00000000 00000000 00000000 00000000
[] : [0m[  291.0021]   00200e40: 00000000 00000000 00000000 00000000
[] : [0m[  291.0021]   00200e50: 00000000 00000000 00000000 00000000
[] : [0m[  291.0021]   00200e60: 00000000 00000000 00000000 00000000
[] : [0m[  291.0021]   00200e70: 00000000 00000000 00000000 00000000
[] : [0m[  291.0021]   00200e80: 00000000 00000000 00000000 00000000
[] : [0m[  291.0021]   00200e90: 00000000 00000000 00000000 00000000
[] : [0m[  291.0021]   00200ea0: 00000000 00000000 00000000 00000000
[] : [0m[  291.0021]   00200eb0: 00000000 00000000 00000000 00000000
[] : [0m[  291.0021]   00200ec0: 00000000 00000000 00000000 00000000
[] : [0m[  291.0021]   00200ed0: 00000000 00000000 00000000 00000000
[] : [0m[  291.0021]   00200ee0: 00000000 00000000 00000000 00000000
[] : [0m[  291.0021]   00200ef0: 00000000 00000000 00000000 00000000
[] : [0m[  292.3586]   [26dc00]: 00000000 00000000 00000000 00000000 00000000 00000000 00000000 00000000
[] : [0m[  292.3586]   [26dc20]: 00000000 00000000 00000000 00000000 00000000 00000000 00000000 00000000
[] : [0m[  292.3586]   [26dc40]: 00000000 00000000 00000000 00000000 00000000 00000000 00000000 00000000
[] : [0m[  292.3586]   [26dc60]: 00000000 00000000 00000000 00000000 00000000 00000000 00000000 00000000
[] : [0m[  292.3586]   [26dc80]: 00000000 00000000 00000000 00000000 00000000 00000000 00000000 00000000
[] : [0m[  292.3587]   [26dca0]: 00000000 00000000 00000000 00000000 00000000 00000000 00000000 00000000
[] : [0m[  292.3587]   [26dcc0]: 00000000 00000000 00000000 00000000 00000000 00000000 00000000 00000000
[] : [0m[  292.3587]   [26dce0]: 00000000 00000000 00000000 00000000 00000000 00000000 00000000 00000000
[] : [0m[  292.3587]   [26dd00]: 00000000 00000000 00000000 00000000 00000000 00000000 00000000 00000000
[] : [0m[  292.3587]   [26dd20]: 00000000 00000000 00000000 00000000 00000000 00000000 00000000 00000000
[] : [0m[  292.3587]   [26dd40]: 00000000 00000000 00000000 00000000 00000000 00000000 00000000 00000000
[] : [0m[  292.3587]   [26dd60]: 00000000 00000000 00000000 00000000 00000000 00000000 00000000 00000000
[] : [0m[  292.3587]   [26dd80]: 00000000 00000000 00000000 00000000 00000000 00000000 00000000 00000000
[] : [0m[  292.3587]   [26dda0]: 00000000 00000000 00000000 00000000 00000000 00000000 00000000 00000000
[] : [0m[  292.3587]   [26ddc0]: 00000000 00000000 00000000 00000000 00000000 00000000 00000000 00000000
[] : [0m[  292.3587]   [26dde0]: 00000000 00000000 00000000 00000000 00000000 00000000 00000000 00000000
[] : [0m[  292.3587]   [26de00]: 00000000 00000000 00000000 00000000 00000000 00000000 00000000 00000000
[] : [0m[  292.3587]   [26de20]: 00000000 00000000 00000000 00000000 00000000 00000000 00000000 00000000
[] : [0m[  292.3587]   [26de40]: 00000000 00000000 00000000 00000000 00000000 00000000 00000000 00000000
[] : [0m[  292.3587]   [26de60]: 00000000 00000000 00000000 00000000 00000000 00000000 00000000 00000000
[] : [0m[  292.3587]   [26de80]: 00000000 00000000 00000000 00000000 00000000 00000000 00000000 00000000
[] : [0m[  292.3587]   [26dea0]: 00000000 00000000 00000000 00000000 00000000 00000000 00000000 00000000
[] : [0m[  292.3587]   [26dec0]: 00000000 00000000 00000000 00000000 00000000 00000000 00000000 00000000
[] : [0m[  292.3587]   [26dee0]: 00000000 00000000 00000000 00000000 00000000 00000000 00000000 00000000
[] : [0m[  292.3587]   [26df00]: 00000000 00000000 00000000 00000000 00000000 00000000 00000000 00000000
[] : [0m[  292.3587]   [26df20]: 00000000 00000000 00000000 00000000 00000000 00000000 00000000 00000000
[] : [0m[  292.3587]   [26df40]: 00000000 00000000 00000000 00000000 00000000 00000000 00000000 00000000
[] : [0m[  292.3587]   [26df60]: 00000000 00000000 00000000 00000000 00000000 00000000 00000000 00000000
[] : [0m[  292.3587]   [26df80]: 00000000 00000000 00000000 00000000 00000000 00000000 00000000 00000000
[] : [0m[  292.3587]   [26dfa0]: 00000000 00000000 00000000 00000000 00000000 00000000 00000000 00000000
[] : [0m[  292.3587]   [26dfc0]: 00000000 00000000 00000000 00000000 00000000 00000000 00000000 00000000
[] : [0m[  292.3588]   [26dfe0]: 00000000 00000000 00000000 00000000 00000000 00000000 00000000 00000000
[] : [0m[  292.3588]   [26de80]: 00000000 00000000 00000000 00000000 00000000 00000000 00000000 00000000
[] : [0m[  292.3588]   [26dea0]: 00000000 00000000 00000000 00000000 00000000 00000000 00000000 00000000
[] : [0m[  292.3588]   [26dec0]: 00000000 00000000 00000000 00000000 00000000 00000000 00000000 00000000
[] : [0m[  292.3588]   [26dee0]: 00000000 00000000 00000000 00000000 00000000 00000000 00000000 00000000
[] : [0m[  292.3588]   [26df00]: 00000000 00000000 00000000 00000000 00000000 00000000 00000000 00000000
[] : [0m[  292.3588]   [26df20]: 00000000 00000000 00000000 00000000 00000000 00000000 00000000 00000000
[] : [0m[  292.3588]   [26df40]: 00000000 00000000 00000000 00000000 00000000 00000000 00000000 00000000
[] : [0m[  292.3588]   [26df60]: 00000000 00000000 00000000 00000000 00000000 00000000 00000000 00000000
[] : [0m[  292.9029] Debug: BeginPresent called (count: 60, sk: 0)
[] : [0m[  295.4369]   0022fd30: 00000000 00000000 00000000 00000000
[] : [0m[  295.4369]   0022fd40: 00000000 00000000 00000000 00000000
[] : [0m[  295.4369]   0022fd50: 00000000 00000000 00000000 00000000
[] : [0m[  295.4369]   0022fd60: 00000000 00000000 00000000 00000000
[] : [0m[  295.4369]   0022fd70: 00000000 00000000 00000000 00000000
[] : [0m[  295.4369]   0022fd80: 00000000 00000000 00000000 00000000
[] : [0m[  295.4370]   0022fd90: 00000000 00000000 00000000 00000000
[] : [0m[  295.4370]   00235e60: 00000000 00000000 00000000 00000000
[] : [0m[  295.4370]   00235e70: 00000000 00000000 00000000 00000000
[] : [0m[  295.4370]   00235e80: 00000000 00000000 00000000 00000000
[] : [0m[  295.4370]   00235e90: 00000000 00000000 00000000 00000000
[] : [0m[  295.4370]   00235ea0: 00000000 00000000 00000000 00000000
[] : [0m[  295.4370]   00235eb0: 00000000 00000000 00000000 00000000
[] : [0m[  295.4370]   00235ec0: 00000000 00000000 00000000 00000000
[] : [0m[  295.4370]   00235ed0: 00000000 00000000 00000000 00000000
[] : [0m[  295.4370]   00235ee0: 00000000 00000000 00000000 00000000
[] : [0m[  295.4370]   00235ef0: 00000000 00000000 00000000 00000000
[] : [0m[  295.4370]   00236350: 00000000 00000000 00000000 00000000
[] : [0m[  295.4370]   00236360: 00000000 00000000 00000000 00000000
[] : [0m[  295.4370]   00236370: 00000000 00000000 00000000 00000000
[] : [0m[  295.4370]   00236380: 00000000 00000000 00000000 00000000
[] : [0m[  295.4370]   00219a80: 00000000 00000000 00000000 00000000
[] : [0m[  295.4370]   00219a90: 00000000 00000000 00000000 00000000
[] : [0m[  295.4370]   00219aa0: 00000000 00000000 00000000 00000000
[] : [0m[  295.4370]   00219ab0: 00000000 00000000 00000000 00000000
[] : [0m[  295.4370]   00219ac0: 00000000 00000000 00000000 00000000
[] : [0m[  295.4370]   00219ad0: 00000000 00000000 00000000 00000000
[] : [0m[  295.4370]   00219ae0: 00000000 00000000 00000000 00000000
[] : [0m[  295.4370]   00219af0: 00000000 00000000 00000000 00000000
[] : [0m[  295.4370]   00219b00: 00000000 00000000 00000000 00000000
[] : [0m[  295.4370]   00219b10: 00000000 00000000 00000000 00000000
[] : [0m[  295.4370]   00219b20: 00000000 00000000 00000000 00000000
[] : [0m[  295.4370]   00219b30: 00000000 00000000 00000000 00000000
[] : [0m[  295.4370]   00219b40: 00000000 00000000 00000000 00000000
[] : [0m[  295.4370]   00219b50: 00000000 00000000 00000000 00000000
[] : [0m[  295.4370]   00219b60: 00000000 00000000 00000000 00000000
[] : [0m[  295.4370]   00219b70: 00000000 00000000 00000000 00000000
[] : [0m[  295.4370]   00219b80: 00000000 00000000 00000000 00000000
[] : [0m[  295.4370]   00219b90: 00000000 00000000 00000000 00000000
[] : [0m[  295.4370]   00219ba0: 00000000 00000000 00000000 00000000
[] : [0m[  295.4370]   00219bb0: 00000000 00000000 00000000 00000000
[] : [0m[  297.0228] Debug: BeginPresent called (count: 120, sk: 0)
[] : [0m[  301.1666] Debug: BeginPresent called (count: 180, sk: 0)
[] : [0m[  305.3680] Debug: BeginPresent called (count: 240, sk: 0)
[] : [0m[  309.5808] Debug: BeginPresent called (count: 300, sk: 0)
[] : [0m[  313.8262] Debug: BeginPresent called (count: 360, sk: 0)
[] : [0m[  318.0937] Debug: BeginPresent called (count: 420, sk: 0)
[] : [0m[  322.3688] Debug: BeginPresent called (count: 480, sk: 0)
[] : [0m[  326.6759] Debug: BeginPresent called (count: 540, sk: 0)
[] : [0m[  327.3235] [UI] PumpMessages: setting VM state to Stopping
[] : [0m[  327.3235] [VM] VM Thread: stop requested from UI.
[] : [0m[  327.3235] [VM] VM Thread: shutting down VM...
[] : [31m[1m[  327.3259] Failed to open '/playtime.dat' for update.
[] : [0m[  327.3259] Add 0 seconds play time to SCUS-97268 -> now 0
[] : [37m[  327.4959] NVRAM saved to PS2BIOS-USA(armsx2.org)-NTSC.nvm.
[] : [0m[  327.5030] [VM] VM Thread: shutdown complete, posting notification
[] : [0m[  327.5031] [VM] VM Thread: waiting for boot request...
